Archive member included to satisfy reference by file (symbol)

c:/eclipserv/eclipse/sysgcc/bin/../lib/gcc/riscv64-unknown-elf/10.1.0/../../../../riscv64-unknown-elf/lib/rv32im/ilp32\libc.a(lib_a-memcpy.o)
                              ./fun_c.o (memcpy)

Discarded input sections

 .group         0x0000000000000000        0xc ./fun_c.o

Memory Configuration

Name             Origin             Length             Attributes
*default*        0x0000000000000000 0xffffffffffffffff

Linker script and memory map

LOAD ./fun_asm.o
LOAD ./fun_c.o
LOAD c:/eclipserv/eclipse/sysgcc/bin/../lib/gcc/riscv64-unknown-elf/10.1.0/rv32im/ilp32\libgcc.a
START GROUP
LOAD c:/eclipserv/eclipse/sysgcc/bin/../lib/gcc/riscv64-unknown-elf/10.1.0/../../../../riscv64-unknown-elf/lib/rv32im/ilp32\libc.a
LOAD c:/eclipserv/eclipse/sysgcc/bin/../lib/gcc/riscv64-unknown-elf/10.1.0/../../../../riscv64-unknown-elf/lib/rv32im/ilp32\libgloss.a
END GROUP
LOAD c:/eclipserv/eclipse/sysgcc/bin/../lib/gcc/riscv64-unknown-elf/10.1.0/rv32im/ilp32\libgcc.a
                0x0000000000000000                . = 0x0

.text           0x0000000000000000      0x11c
 *(.text)
 .text          0x0000000000000000        0x0 ./fun_asm.o
 .text          0x0000000000000000        0x0 ./fun_c.o
 .text          0x0000000000000000      0x11c c:/eclipserv/eclipse/sysgcc/bin/../lib/gcc/riscv64-unknown-elf/10.1.0/../../../../riscv64-unknown-elf/lib/rv32im/ilp32\libc.a(lib_a-memcpy.o)
                0x0000000000000000                memcpy

.text.orientacion
                0x000000000000011c       0x98
 .text.orientacion
                0x000000000000011c       0x98 ./fun_c.o
                0x000000000000011c                orientacion

.text.verificarColinealidad
                0x00000000000001b4      0x178
 .text.verificarColinealidad
                0x00000000000001b4      0x178 ./fun_c.o
                0x00000000000001b4                verificarColinealidad

.text.cantidadPuntos
                0x000000000000032c       0x50
 .text.cantidadPuntos
                0x000000000000032c       0x50 ./fun_c.o
                0x000000000000032c                cantidadPuntos

.text.main      0x000000000000037c       0xfc
 .text.main     0x000000000000037c       0xfc ./fun_c.o
                0x000000000000037c                main
                0x0000000000010000                . = 0x10000

.data           0x0000000000010000        0x0
 *(.data)
 .data          0x0000000000010000        0x0 ./fun_asm.o
 .data          0x0000000000010000        0x0 ./fun_c.o
 .data          0x0000000000010000        0x0 c:/eclipserv/eclipse/sysgcc/bin/../lib/gcc/riscv64-unknown-elf/10.1.0/../../../../riscv64-unknown-elf/lib/rv32im/ilp32\libc.a(lib_a-memcpy.o)

.bss            0x0000000000010000        0x0
 *(.bss)
 .bss           0x0000000000010000        0x0 ./fun_asm.o
 .bss           0x0000000000010000        0x0 ./fun_c.o
 .bss           0x0000000000010000        0x0 c:/eclipserv/eclipse/sysgcc/bin/../lib/gcc/riscv64-unknown-elf/10.1.0/../../../../riscv64-unknown-elf/lib/rv32im/ilp32\libc.a(lib_a-memcpy.o)

.rodata         0x0000000000010000       0x68
 *(.rodata)
 .rodata        0x0000000000010000       0x68 ./fun_c.o
                0x0000000000020000                _stack = 0x20000
OUTPUT(pr5.elf elf32-littleriscv)

.riscv.attributes
                0x0000000000000000       0x21
 .riscv.attributes
                0x0000000000000000       0x1f ./fun_asm.o
 .riscv.attributes
                0x000000000000001f       0x21 ./fun_c.o
 .riscv.attributes
                0x0000000000000040       0x21 c:/eclipserv/eclipse/sysgcc/bin/../lib/gcc/riscv64-unknown-elf/10.1.0/../../../../riscv64-unknown-elf/lib/rv32im/ilp32\libc.a(lib_a-memcpy.o)

.comment        0x0000000000000000       0x12
 .comment       0x0000000000000000       0x12 ./fun_c.o
                                         0x13 (size before relaxing)
 .comment       0x0000000000000012       0x13 c:/eclipserv/eclipse/sysgcc/bin/../lib/gcc/riscv64-unknown-elf/10.1.0/../../../../riscv64-unknown-elf/lib/rv32im/ilp32\libc.a(lib_a-memcpy.o)

.debug_info     0x0000000000000000      0x216
 .debug_info    0x0000000000000000      0x216 ./fun_c.o

.debug_abbrev   0x0000000000000000      0x109
 .debug_abbrev  0x0000000000000000      0x109 ./fun_c.o

.debug_aranges  0x0000000000000000       0x38
 .debug_aranges
                0x0000000000000000       0x38 ./fun_c.o

.debug_ranges   0x0000000000000000       0x28
 .debug_ranges  0x0000000000000000       0x28 ./fun_c.o

.debug_macro    0x0000000000000000      0x6f9
 .debug_macro   0x0000000000000000       0x11 ./fun_c.o
 .debug_macro   0x0000000000000011      0x6e8 ./fun_c.o

.debug_line     0x0000000000000000      0x258
 .debug_line    0x0000000000000000      0x258 ./fun_c.o

.debug_str      0x0000000000000000     0x24ae
 .debug_str     0x0000000000000000     0x24ae ./fun_c.o
                                       0x24bb (size before relaxing)

.debug_frame    0x0000000000000000       0xac
 .debug_frame   0x0000000000000000       0xac ./fun_c.o
